[jthemes.net/themes/wp/bolby/bolby8/index.html]
[backblue.gif]
[fade.gif]
[index.html]
[jthemes.net/themes/wp/bolby/bolby8/wp-includes/css/dist/block-library/style.min76f3.css]
[jthemes.net/themes/wp/bolby/bolby8/feed/index.html]
[jthemes.net/themes/wp/bolby/bolby8/wp-includes/css/dist/block-library/theme.min76f3.css]
[jthemes.net/themes/wp/bolby/bolby8/wp-content/plugins/woocommerce/packages/woocommerce-blocks/build/wc-blocks-vendors-style9f31.css]
[jthemes.net/themes/wp/bolby/bolby8/comments/feed/index.html]
[jthemes.net/themes/wp/bolby/bolby8/wp-content/plugins/woocommerce/packages/woocommerce-blocks/build/wc-blocks-style9f31.css]
[jthemes.net/themes/wp/bolby/bolby8/wp-content/plugins/contact-form-7/includes/css/styles7661.css]
[jthemes.net/themes/wp/bolby/bolby8/wp-content/plugins/woocommerce/assets/css/woocommerce-layouta78f.css]
[jthemes.net/themes/wp/bolby/bolby8/wp-content/plugins/woocommerce/assets/css/woocommerce-smallscreena78f.css]
[jthemes.net/themes/wp/bolby/bolby8/wp-content/plugins/woocommerce/assets/css/woocommercea78f.css]
[jthemes.net/themes/wp/bolby/bolby8/wp-content/themes/bolby/css/bootstrap.min76f3.css]
[jthemes.net/themes/wp/bolby/bolby8/wp-content/themes/bolby/css/all.min76f3.css]
[jthemes.net/themes/wp/bolby/bolby8/wp-content/themes/bolby/css/simple-line-icons76f3.css]
[jthemes.net/themes/wp/bolby/bolby8/wp-content/themes/bolby/css/slick76f3.css]
[jthemes.net/themes/wp/bolby/bolby8/wp-content/themes/bolby/css/animate76f3.css]
[jthemes.net/themes/wp/bolby/bolby8/wp-content/themes/bolby/css/magnific-popup76f3.css]
[jthemes.net/themes/wp/bolby/bolby8/wp-content/themes/bolby/css/style76f3.css]
[jthemes.net/themes/wp/bolby/bolby8/wp-content/themes/bolby/style76f3.css]
[jthemes.net/themes/wp/bolby/bolby8/wp-content/plugins/elementor/assets/lib/eicons/css/elementor-icons.minb683.css]
[jthemes.net/themes/wp/bolby/bolby8/wp-content/plugins/elementor/assets/lib/eicons/fonts/eicons0b93.eot]
[jthemes.net/themes/wp/bolby/bolby8/wp-content/plugins/elementor/assets/css/frontend.minedb1.css]
[jthemes.net/themes/wp/bolby/bolby8/wp-content/uploads/sites/8/elementor/css/post-418302f.css]
[jthemes.net/themes/wp/bolby/bolby8/wp-content/uploads/sites/8/elementor/css/global1f78.css]
[jthemes.net/themes/wp/bolby/bolby8/wp-content/uploads/sites/8/elementor/css/post-301e075.css]
[jthemes.net/themes/wp/bolby/bolby8/wp-includes/js/jquery/jquery.min9d52.js]
[jthemes.net/themes/wp/bolby/bolby8/wp-includes/js/jquery/jquery-migrate.mind617.js]
[jthemes.net/themes/wp/bolby/bolby8/wp-json/index.html]
[jthemes.net/themes/wp/bolby/bolby8/wp-json/wp/v2/pages/301.json]
[jthemes.net/themes/wp/bolby/bolby8/xmlrpc0db0.php]
[jthemes.net/themes/wp/bolby/bolby8/wp-includes/wlwmanifest.xml]
[jthemes.net/themes/wp/bolby/bolby8/wp-json/oembed/1.0/embedbff7.json]
[jthemes.net/themes/wp/bolby/bolby8/wp-json/oembed/1.0/embed99e8]
[jthemes.net/themes/wp/bolby/bolby8/wp-content/uploads/sites/8/2021/01/favicon-100x100.png]
[jthemes.net/themes/wp/bolby/bolby8/wp-content/uploads/sites/8/2021/01/favicon.png]
[jthemes.net/themes/wp/bolby/bolby8/page/2/index.html]
[jthemes.net/themes/wp/bolby/bolby8/category/reviews/index.html]
[jthemes.net/themes/wp/bolby/bolby8/author/bolby/index.html]
[jthemes.net/themes/wp/bolby/bolby8/category/tutorial/index.html]
[jthemes.net/themes/wp/bolby/bolby8/2020/02/28/5-best-app-development-tool-for-your-project/index.html]
[jthemes.net/themes/wp/bolby/bolby8/2020/02/28/common-misconceptions-about-payment/index.html]
[jthemes.net/themes/wp/bolby/bolby8/wp-content/plugins/elementor/assets/lib/animations/animations.minedb1.css]
[jthemes.net/themes/wp/bolby/bolby8/category/business/index.html]
[jthemes.net/themes/wp/bolby/bolby8/2020/02/26/3-things-to-know-about-startup-business/index.html]
[jthemes.net/themes/wp/bolby/bolby8/wp-includes/js/dist/vendor/wp-polyfill-fetch.min6e0e.js]
[jthemes.net/themes/wp/bolby/bolby8/wp-includes/js/dist/vendor/wp-polyfill.min89b1.js]
[jthemes.net/themes/wp/bolby/bolby8/wp-includes/js/dist/vendor/wp-polyfill-node-contains.min2e00.js]
[jthemes.net/themes/wp/bolby/bolby8/wp-includes/js/dist/vendor/wp-polyfill-dom-rect.min2e00.js]
[jthemes.net/themes/wp/bolby/bolby8/wp-includes/js/dist/vendor/wp-polyfill-url.min5aed.js]
[jthemes.net/themes/wp/bolby/bolby8/wp-includes/js/dist/vendor/wp-polyfill-formdata.mine9bd.js]
[jthemes.net/themes/wp/bolby/bolby8/wp-includes/js/dist/vendor/wp-polyfill-element-closest.min4c56.js]
[jthemes.net/themes/wp/bolby/bolby8/wp-includes/js/dist/vendor/wp-polyfill-object-fit.min531b.js]
[jthemes.net/themes/wp/bolby/bolby8/wp-content/plugins/contact-form-7/includes/js/index7661.js]
[jthemes.net/themes/wp/bolby/bolby8/wp-content/plugins/woocommerce/assets/js/jquery-blockui/jquery.blockUI.mind308.js]
[jthemes.net/themes/wp/bolby/bolby8/wp-content/plugins/woocommerce/assets/js/frontend/add-to-cart.mina78f.js]
[jthemes.net/themes/wp/bolby/bolby8/wp-content/plugins/woocommerce/assets/js/js-cookie/js.cookie.min4395.js]
[jthemes.net/themes/wp/bolby/bolby8/wp-content/plugins/woocommerce/assets/js/frontend/woocommerce.mina78f.js]
[jthemes.net/themes/wp/bolby/bolby8/wp-content/plugins/woocommerce/assets/js/frontend/cart-fragments.mina78f.js]
[jthemes.net/themes/wp/bolby/bolby8/wp-content/themes/bolby/js/popper.min76f3.js]
[jthemes.net/themes/wp/bolby/bolby8/wp-content/themes/bolby/js/bootstrap.min76f3.js]
[jthemes.net/themes/wp/bolby/bolby8/wp-content/themes/bolby/js/isotope.pkgd.min76f3.js]
[jthemes.net/themes/wp/bolby/bolby8/wp-content/themes/bolby/js/infinite-scroll.min76f3.js]
[jthemes.net/themes/wp/bolby/bolby8/wp-includes/js/imagesloaded.mineda1.js]
[jthemes.net/themes/wp/bolby/bolby8/wp-content/themes/bolby/js/slick.min76f3.js]
[jthemes.net/themes/wp/bolby/bolby8/wp-content/themes/bolby/js/jquery.easing.min76f3.js]
[jthemes.net/themes/wp/bolby/bolby8/wp-content/themes/bolby/js/jquery.waypoints.min76f3.js]
[jthemes.net/themes/wp/bolby/bolby8/wp-content/themes/bolby/js/jquery.counterup.min76f3.js]
[jthemes.net/themes/wp/bolby/bolby8/wp-content/themes/bolby/js/jquery.magnific-popup.min76f3.js]
[jthemes.net/themes/wp/bolby/bolby8/wp-content/themes/bolby/js/morphext.min76f3.js]
[jthemes.net/themes/wp/bolby/bolby8/wp-content/themes/bolby/js/parallax.min76f3.js]
[jthemes.net/themes/wp/bolby/bolby8/wp-content/themes/bolby/js/wow.min76f3.js]
[jthemes.net/themes/wp/bolby/bolby8/wp-content/themes/bolby/js/custom76f3.js]
[jthemes.net/themes/wp/bolby/bolby8/wp-includes/js/wp-embed.min76f3.js]
[jthemes.net/themes/wp/bolby/bolby8/wp-content/plugins/elementor/assets/js/webpack.runtime.minedb1.js]
[jthemes.net/themes/wp/bolby/bolby8/wp-content/plugins/elementor/assets/js/frontend-modules.minedb1.js]
[jthemes.net/themes/wp/bolby/bolby8/wp-content/plugins/elementor/assets/lib/waypoints/waypoints.min05da.js]
[jthemes.net/themes/wp/bolby/bolby8/wp-includes/js/jquery/ui/core.min35d0.js]
[jthemes.net/themes/wp/bolby/bolby8/wp-content/plugins/elementor/assets/lib/swiper/swiper.min48f5.js]
[jthemes.net/themes/wp/bolby/bolby8/wp-content/plugins/elementor/assets/lib/share-link/share-link.minedb1.js]
[jthemes.net/themes/wp/bolby/bolby8/wp-content/plugins/elementor/assets/lib/dialog/dialog.mina288.js]
[jthemes.net/themes/wp/bolby/bolby8/wp-content/plugins/elementor/assets/js/frontend.minedb1.js]
[jthemes.net/themes/wp/bolby/bolby8/index.html]
[jthemes.net/themes/wp/bolby/bolby8/xmlrpc.php]
[jthemes.net/themes/wp/bolby/bolby8/wp-includes/css/dist/block-library/style.min76f3.css]
[jthemes.net/themes/wp/bolby/bolby8/wp-includes/css/dist/block-library/theme.min76f3.css]
[jthemes.net/themes/wp/bolby/bolby8/wp-content/plugins/woocommerce/packages/woocommerce-blocks/build/wc-blocks-vendors-style9f31.css]
[jthemes.net/themes/wp/bolby/bolby8/wp-content/plugins/woocommerce/packages/woocommerce-blocks/build/wc-blocks-style9f31.css]
[jthemes.net/themes/wp/bolby/bolby8/wp-content/plugins/contact-form-7/includes/css/styles7661.css]
[jthemes.net/themes/wp/bolby/bolby8/wp-content/plugins/woocommerce/assets/css/woocommerce-layouta78f.css]
[jthemes.net/themes/wp/bolby/bolby8/wp-content/plugins/woocommerce/assets/css/woocommerce-smallscreena78f.css]
[jthemes.net/themes/wp/bolby/bolby8/wp-content/plugins/elementor/assets/js/preloaded-modules.minedb1.js]
[jthemes.net/themes/wp/bolby/bolby8/wp-content/plugins/woocommerce/assets/fonts/star.eot]
[jthemes.net/themes/wp/bolby/bolby8/wp-content/plugins/woocommerce/assets/fonts/stard41d.eot]
[jthemes.net/themes/wp/bolby/bolby8/wp-content/plugins/woocommerce/assets/fonts/star.woff]
[jthemes.net/themes/wp/bolby/bolby8/wp-content/plugins/woocommerce/assets/fonts/star.ttf]
[jthemes.net/themes/wp/bolby/bolby8/wp-content/plugins/woocommerce/assets/fonts/WooCommerce.eot]
[jthemes.net/themes/wp/bolby/bolby8/wp-content/plugins/woocommerce/assets/fonts/WooCommerced41d.eot]
[jthemes.net/themes/wp/bolby/bolby8/wp-content/plugins/woocommerce/assets/fonts/WooCommerce.woff]
[jthemes.net/themes/wp/bolby/bolby8/wp-content/plugins/woocommerce/assets/fonts/WooCommerce.ttf]
[jthemes.net/themes/wp/bolby/bolby8/wp-content/plugins/woocommerce/assets/css/woocommercea78f.css]
[jthemes.net/themes/wp/bolby/bolby8/wp-content/themes/bolby/css/bootstrap.min76f3.css]
[jthemes.net/themes/wp/bolby/bolby8/wp-content/themes/bolby/webfonts/fa-brands-400.eot]
[jthemes.net/themes/wp/bolby/bolby8/wp-content/themes/bolby/webfonts/fa-brands-400d41d.eot]
[jthemes.net/themes/wp/bolby/bolby8/wp-content/themes/bolby/webfonts/fa-brands-400.woff]
[jthemes.net/themes/wp/bolby/bolby8/wp-content/themes/bolby/webfonts/fa-brands-400.ttf]
[jthemes.net/themes/wp/bolby/bolby8/wp-content/themes/bolby/webfonts/fa-regular-400.eot]
[jthemes.net/themes/wp/bolby/bolby8/wp-content/themes/bolby/webfonts/fa-regular-400d41d.eot]
[jthemes.net/themes/wp/bolby/bolby8/wp-content/themes/bolby/webfonts/fa-regular-400.woff]
[jthemes.net/themes/wp/bolby/bolby8/wp-content/themes/bolby/webfonts/fa-regular-400.ttf]
[jthemes.net/themes/wp/bolby/bolby8/wp-content/themes/bolby/webfonts/fa-solid-900.eot]
[jthemes.net/themes/wp/bolby/bolby8/wp-content/themes/bolby/webfonts/fa-solid-900d41d.eot]
[jthemes.net/themes/wp/bolby/bolby8/wp-content/themes/bolby/webfonts/fa-solid-900.woff]
[jthemes.net/themes/wp/bolby/bolby8/wp-content/themes/bolby/webfonts/fa-solid-900.ttf]
[jthemes.net/themes/wp/bolby/bolby8/wp-content/themes/bolby/css/all.min76f3.css]
[jthemes.net/themes/wp/bolby/bolby8/wp-content/themes/bolby/fonts/Simple-Line-Iconsb26c.eot]
[jthemes.net/themes/wp/bolby/bolby8/wp-content/themes/bolby/fonts/Simple-Line-Iconsb26c.ttf]
[jthemes.net/themes/wp/bolby/bolby8/wp-content/themes/bolby/fonts/Simple-Line-Iconsb26c.woff]
[jthemes.net/themes/wp/bolby/bolby8/wp-content/themes/bolby/css/simple-line-icons76f3.css]
[jthemes.net/themes/wp/bolby/bolby8/wp-content/themes/bolby/images/ajax-loader.gif]
[jthemes.net/themes/wp/bolby/bolby8/wp-content/themes/bolby/fonts/slick.eot]
[jthemes.net/themes/wp/bolby/bolby8/wp-content/themes/bolby/fonts/slickd41d.eot]
[jthemes.net/themes/wp/bolby/bolby8/wp-content/themes/bolby/fonts/slick.woff]
[jthemes.net/themes/wp/bolby/bolby8/wp-content/themes/bolby/fonts/slick.ttf]
[jthemes.net/themes/wp/bolby/bolby8/wp-content/themes/bolby/css/slick76f3.css]
[jthemes.net/themes/wp/bolby/bolby8/wp-content/themes/bolby/css/animate76f3.css]
[jthemes.net/themes/wp/bolby/bolby8/wp-content/themes/bolby/css/magnific-popup76f3.css]
[jthemes.net/themes/wp/bolby/bolby8/wp-content/themes/bolby/css/style76f3.css]
[jthemes.net/themes/wp/bolby/bolby8/wp-content/themes/bolby/style76f3.css]
[jthemes.net/themes/wp/bolby/bolby8/wp-content/plugins/elementor/assets/lib/eicons/fonts/eicons02d6.eot]
[jthemes.net/themes/wp/bolby/bolby8/wp-content/plugins/elementor/assets/lib/eicons/fonts/eicons02d6.woff]
[jthemes.net/themes/wp/bolby/bolby8/wp-content/plugins/elementor/assets/lib/eicons/fonts/eicons02d6.ttf]
[jthemes.net/themes/wp/bolby/bolby8/wp-content/plugins/elementor/assets/lib/eicons/css/elementor-icons.minb683.css]
[jthemes.net/themes/wp/bolby/bolby8/wp-content/plugins/elementor/assets/css/frontend.minedb1.css]
[jthemes.net/themes/wp/bolby/bolby8/wp-content/uploads/sites/8/elementor/css/post-418302f.css]
[jthemes.net/themes/wp/bolby/bolby8/wp-content/uploads/sites/8/elementor/css/global1f78.css]
[jthemes.net/themes/wp/bolby/bolby8/wp-content/uploads/sites/8/elementor/css/post-301e075.css]
[jthemes.net/themes/wp/bolby/bolby8/wp-content/themes/bolby/css/custom_script76f3.css]
[jthemes.net/themes/wp/bolby/bolby8/wp-content/uploads/sites/8/2021/01/avatar-1-2.svg]
[jthemes.net/themes/wp/bolby/bolby8/wp-content/uploads/sites/8/2021/01/avatar-2-1.svg]
[jthemes.net/themes/wp/bolby/bolby8/wp-content/uploads/sites/8/2021/01/service-1-1.svg]
[jthemes.net/themes/wp/bolby/bolby8/wp-content/uploads/sites/8/2021/01/service-2-1.svg]
[jthemes.net/themes/wp/bolby/bolby8/wp-content/uploads/sites/8/2021/01/service-3-1.svg]
[jthemes.net/themes/wp/bolby/bolby8/wp-content/uploads/sites/8/2020/03/1.svg]
[jthemes.net/themes/wp/bolby/bolby8/wp-content/uploads/sites/8/2020/03/2.svg]
[jthemes.net/themes/wp/bolby/bolby8/wp-content/uploads/sites/8/2020/03/3.svg]
[jthemes.net/themes/wp/bolby/bolby8/wp-content/uploads/sites/8/2020/03/4.svg]
[jthemes.net/themes/wp/bolby/bolby8/wp-content/uploads/sites/8/2020/03/5.svg]
[jthemes.net/themes/wp/bolby/bolby8/wp-content/uploads/sites/8/2020/03/6.svg]
[jthemes.net/themes/wp/bolby/bolby8/page/2/index.html]
[jthemes.net/themes/wp/bolby/bolby8/wp-content/uploads/sites/8/2021/01/price-1-1.svg]
[jthemes.net/themes/wp/bolby/bolby8/wp-content/uploads/sites/8/2021/01/price-2-1.svg]
[jthemes.net/themes/wp/bolby/bolby8/wp-content/uploads/sites/8/2021/01/price-3-1.svg]
[jthemes.net/themes/wp/bolby/bolby8/wp-content/uploads/sites/8/2021/01/avatar-1-3.svg]
[jthemes.net/themes/wp/bolby/bolby8/wp-content/uploads/sites/8/2021/01/avatar-3-1.svg]
[jthemes.net/themes/wp/bolby/bolby8/wp-content/uploads/sites/8/2021/01/client-1-1.svg]
[jthemes.net/themes/wp/bolby/bolby8/wp-content/uploads/sites/8/2021/01/client-2-1.svg]
[jthemes.net/themes/wp/bolby/bolby8/wp-content/uploads/sites/8/2021/01/client-6-1.svg]
[jthemes.net/themes/wp/bolby/bolby8/wp-content/uploads/sites/8/2021/01/client-3-1.svg]
[jthemes.net/themes/wp/bolby/bolby8/wp-content/uploads/sites/8/2021/01/client-5-1.svg]
[jthemes.net/themes/wp/bolby/bolby8/wp-content/uploads/sites/8/2021/01/client-7-1.svg]
[jthemes.net/themes/wp/bolby/bolby8/wp-content/uploads/sites/8/2021/01/client-8-1.svg]
[jthemes.net/themes/wp/bolby/bolby8/wp-content/uploads/sites/8/2021/01/client-4-1.svg]
[jthemes.net/themes/wp/bolby/bolby8/category/reviews/feed/index.html]
[jthemes.net/themes/wp/bolby/bolby8/wp-json/wp/v2/categories/17.json]
[jthemes.net/themes/wp/bolby/bolby8/category/reviews/index.html]
[jthemes.net/themes/wp/bolby/bolby8/wp-login.html]
[jthemes.net/themes/wp/bolby/bolby8/2020/02/index.html]
[jthemes.net/themes/wp/bolby/bolby8/wp-json/wp/v2/posts/249.json]
[jthemes.net/themes/wp/bolby/bolby8/2020/02/28/5-best-app-development-tool-for-your-project/feed/index.html]
[jthemes.net/themes/wp/bolby/bolby8/wp-json/oembed/1.0/embed51fc.json]
[jthemes.net/themes/wp/bolby/bolby8/wp-json/oembed/1.0/embede27d]
[jthemes.net/themes/wp/bolby/bolby8/wp-includes/js/comment-reply.min76f3.js]
[jthemes.net/themes/wp/bolby/bolby8/2020/02/28/5-best-app-development-tool-for-your-project/index.html]
[jthemes.net/themes/wp/bolby/bolby8/wp-content/uploads/sites/8/2020/02/1.svg]
[jthemes.net/themes/wp/bolby/bolby8/author/bolby/feed/index.html]
[jthemes.net/themes/wp/bolby/bolby8/wp-json/wp/v2/users/1.json]
[jthemes.net/themes/wp/bolby/bolby8/author/bolby/index.html]
[jthemes.net/themes/wp/bolby/bolby8/category/tutorial/feed/index.html]
[jthemes.net/themes/wp/bolby/bolby8/wp-json/wp/v2/categories/18.json]
[jthemes.net/themes/wp/bolby/bolby8/category/tutorial/index.html]
[jthemes.net/themes/wp/bolby/bolby8/2020/02/28/common-misconceptions-about-payment/feed/index.html]
[jthemes.net/themes/wp/bolby/bolby8/wp-json/wp/v2/posts/248.json]
[jthemes.net/themes/wp/bolby/bolby8/wp-json/oembed/1.0/embedc108.json]
[jthemes.net/themes/wp/bolby/bolby8/wp-json/oembed/1.0/embed9fbd]
[jthemes.net/themes/wp/bolby/bolby8/2020/02/28/common-misconceptions-about-payment/index.html]
[jthemes.net/themes/wp/bolby/bolby8/wp-content/uploads/sites/8/2020/02/2.svg]
[jthemes.net/themes/wp/bolby/bolby8/wp-json/wp/v2/categories/16.json]
[jthemes.net/themes/wp/bolby/bolby8/category/business/index.html]
[jthemes.net/themes/wp/bolby/bolby8/category/business/feed/index.html]
[jthemes.net/themes/wp/bolby/bolby8/wp-json/wp/v2/posts/302.json]
[jthemes.net/themes/wp/bolby/bolby8/2020/02/26/3-things-to-know-about-startup-business/feed/index.html]
[jthemes.net/themes/wp/bolby/bolby8/wp-json/oembed/1.0/embedb883.json]
[jthemes.net/themes/wp/bolby/bolby8/wp-json/oembed/1.0/embedeae1]
[jthemes.net/themes/wp/bolby/bolby8/2020/02/26/3-things-to-know-about-startup-business/index.html]
[jthemes.net/themes/wp/bolby/bolby8/wp-content/uploads/sites/8/2020/02/3.svg]
[jthemes.net/themes/wp/bolby/bolby8/wp-content/plugins/elementor/assets/lib/animations/animations.minedb1.css]
[jthemes.net/themes/wp/bolby/bolby8/wp-content/plugins/woocommerce/assets/fonts/star.svg]
[jthemes.net/themes/wp/bolby/bolby8/wp-content/plugins/woocommerce/assets/fonts/WooCommerce.svg]
[jthemes.net/themes/wp/bolby/bolby8/wp-content/plugins/woocommerce/assets/images/icons/loader.svg]
[jthemes.net/themes/wp/bolby/bolby8/wp-content/plugins/woocommerce/assets/images/icons/credit-cards/visa.svg]
[jthemes.net/themes/wp/bolby/bolby8/wp-content/plugins/woocommerce/assets/images/icons/credit-cards/mastercard.svg]
[jthemes.net/themes/wp/bolby/bolby8/wp-content/plugins/woocommerce/assets/images/icons/credit-cards/laser.svg]
[jthemes.net/themes/wp/bolby/bolby8/wp-content/plugins/woocommerce/assets/images/icons/credit-cards/diners.svg]
[jthemes.net/themes/wp/bolby/bolby8/wp-content/plugins/woocommerce/assets/images/icons/credit-cards/maestro.svg]
[jthemes.net/themes/wp/bolby/bolby8/wp-content/plugins/woocommerce/assets/images/icons/credit-cards/jcb.svg]
[jthemes.net/themes/wp/bolby/bolby8/wp-content/plugins/woocommerce/assets/images/icons/credit-cards/amex.svg]
[jthemes.net/themes/wp/bolby/bolby8/wp-content/plugins/woocommerce/assets/images/icons/credit-cards/discover.svg]
[jthemes.net/themes/wp/bolby/bolby8/wp-content/themes/bolby/webfonts/fa-brands-400.html]
[jthemes.net/themes/wp/bolby/bolby8/wp-content/themes/bolby/webfonts/fa-brands-400.svg]
[jthemes.net/themes/wp/bolby/bolby8/wp-content/themes/bolby/webfonts/fa-regular-400.html]
[jthemes.net/themes/wp/bolby/bolby8/wp-content/themes/bolby/webfonts/fa-regular-400.svg]
[jthemes.net/themes/wp/bolby/bolby8/wp-content/themes/bolby/webfonts/fa-solid-900.html]
[jthemes.net/themes/wp/bolby/bolby8/wp-content/themes/bolby/webfonts/fa-solid-900.svg]
[jthemes.net/themes/wp/bolby/bolby8/wp-content/themes/bolby/fonts/Simple-Line-Iconsb26c.html]
[jthemes.net/themes/wp/bolby/bolby8/wp-content/themes/bolby/fonts/Simple-Line-Iconsb26c.svg]
[jthemes.net/themes/wp/bolby/bolby8/wp-content/themes/bolby/fonts/slick.svg]
[jthemes.net/themes/wp/bolby/bolby8/wp-content/themes/bolby/images/dots-bg.svg]
[jthemes.net/themes/wp/bolby/bolby8/wp-content/themes/bolby/images/map.html]
[jthemes.net/themes/wp/bolby/bolby8/wp-content/themes/bolby/images/dots-bg-light.svg]
[jthemes.net/themes/wp/bolby/bolby8/wp-content/themes/bolby/images/map-light.html]
[jthemes.net/themes/wp/bolby/bolby8/wp-content/plugins/elementor/assets/lib/eicons/fonts/eicons02d6.html]
[jthemes.net/themes/wp/bolby/bolby8/wp-content/plugins/elementor/assets/lib/eicons/fonts/eicons02d6.svg]
[jthemes.net/themes/wp/bolby/bolby8/wp-content/uploads/sites/8/2021/01/map-1.svg]
[jthemes.net/themes/wp/bolby/bolby8/2/index.html]
[jthemes.net/themes/wp/bolby/bolby8/2020/02/index.html]
[jthemes.net/themes/wp/bolby/bolby8/wp-includes/css/dashicons.min76f3.css]
[jthemes.net/themes/wp/bolby/bolby8/wp-includes/css/buttons.min76f3.css]
[jthemes.net/themes/wp/bolby/bolby8/wp-admin/css/forms.min76f3.css]
[jthemes.net/themes/wp/bolby/bolby8/wp-admin/css/l10n.min76f3.css]
[jthemes.net/themes/wp/bolby/bolby8/wp-admin/css/login.min76f3.css]
[jthemes.net/themes/wp/bolby/bolby8/wp-includes/js/zxcvbn-async.min5152.js]
[jthemes.net/themes/wp/bolby/bolby8/wp-includes/js/dist/hooks.minc5c2.js]
[jthemes.net/themes/wp/bolby/bolby8/my-account/lost-password/index.html]
[jthemes.net/themes/wp/bolby/bolby8/wp-includes/js/dist/i18n.min802d.js]
[jthemes.net/themes/wp/bolby/bolby8/wp-admin/js/password-strength-meter.min76f3.js]
[jthemes.net/themes/wp/bolby/bolby8/wp-includes/js/underscore.min4511.js]
[jthemes.net/themes/wp/bolby/bolby8/wp-includes/js/wp-util.min76f3.js]
[jthemes.net/themes/wp/bolby/bolby8/woocommerce-placeholder/index.html]
[jthemes.net/themes/wp/bolby/bolby8/wp-login.html]
[jthemes.net/themes/wp/bolby/bolby8/index1a93.html]
[jthemes.net/themes/wp/bolby/bolby8/indexcf9a.html]
[jthemes.net/themes/wp/bolby/bolby8/index52e8.html]
[jthemes.net/themes/wp/bolby/bolby8/wp-admin/js/user-profile.min76f3.js]
[jthemes.net/themes/wp/bolby/bolby8/wp-includes/fonts/dashicons7d4b.eot]
[jthemes.net/themes/wp/bolby/bolby8/wp-includes/fonts/dashicons7d4b.ttf]
[jthemes.net/themes/wp/bolby/bolby8/wp-includes/css/dashicons.min76f3.css]
[jthemes.net/themes/wp/bolby/bolby8/wp-includes/css/buttons.min76f3.css]
[jthemes.net/themes/wp/bolby/bolby8/wp-admin/images/loading.gif]
[jthemes.net/themes/wp/bolby/bolby8/wp-admin/css/forms.min76f3.css]
[jthemes.net/themes/wp/bolby/bolby8/wp-admin/css/l10n.min76f3.css]
[jthemes.net/themes/wp/bolby/bolby8/wp-admin/images/w-logo-blue7a53.png]
[jthemes.net/themes/wp/bolby/bolby8/wp-admin/css/login.min76f3.css]
[jthemes.net/themes/wp/bolby/bolby8/wp-content/plugins/woocommerce/assets/css/select2a78f.css]
[jthemes.net/themes/wp/bolby/bolby8/wp-json/wp/v2/pages/7.json]
[jthemes.net/themes/wp/bolby/bolby8/wp-json/oembed/1.0/embedc437.json]
[jthemes.net/themes/wp/bolby/bolby8/my-account/index.html]
[jthemes.net/themes/wp/bolby/bolby8/wp-json/oembed/1.0/embedccfc]
[jthemes.net/themes/wp/bolby/bolby8/wp-content/plugins/woocommerce/assets/js/selectWoo/selectWoo.full.mindedc.js]
[jthemes.net/themes/wp/bolby/bolby8/wp-content/plugins/woocommerce/assets/js/frontend/password-strength-meter.mina78f.js]
[jthemes.net/themes/wp/bolby/bolby8/wp-content/plugins/woocommerce/assets/js/frontend/lost-password.mina78f.js]
[jthemes.net/themes/wp/bolby/bolby8/my-account/lost-password/index.html]
[jthemes.net/themes/wp/bolby/bolby8/feed/index9d08.html]
[jthemes.net/themes/wp/bolby/bolby8/wp-json/wp/v2/media/3.json]
[jthemes.net/themes/wp/bolby/bolby8/wp-json/oembed/1.0/embedb487.json]
[jthemes.net/themes/wp/bolby/bolby8/wp-json/oembed/1.0/embed8ef3]
[jthemes.net/themes/wp/bolby/bolby8/wp-content/uploads/sites/8/woocommerce-placeholder.png]
[jthemes.net/themes/wp/bolby/bolby8/wp-content/uploads/sites/8/woocommerce-placeholder-300x300.png]
[jthemes.net/themes/wp/bolby/bolby8/woocommerce-placeholder/index.html]
[jthemes.net/themes/wp/bolby/bolby8/wp-admin/images/wordpress-logo7d6b.svg]
[jthemes.net/themes/wp/bolby/bolby8/wp-content/plugins/woocommerce/assets/css/select2a78f.css]
[jthemes.net/themes/wp/bolby/bolby8/my-account/index.html]
[jthemes.net/themes/wp/bolby/bolby8/indexc4f7.html]
[jthemes.net/themes/wp/bolby/bolby8/index2207.html]
